[2026-04-06 22:01:49] === Compile started (mode: --daily) ===
[2026-04-06 22:02:09] Ollama OK (qwen2.5:72b)
[2026-04-06 22:02:09] Compiling #_y-tower (7 files)...
[2026-04-06 22:02:09]   ❌ #_y-tower compile failed
[2026-04-06 22:02:09] Compiling #github-trending (7 files)...
[2026-04-06 22:02:09]   ❌ #github-trending compile failed
[2026-04-06 22:02:09] Compiling #knowledge (7 files)...
[2026-04-06 22:02:09]   ❌ #knowledge compile failed
[2026-04-06 22:02:09] Compiling #m116gmac (7 files)...
[2026-04-06 22:02:09]   ❌ #m116gmac compile failed
[2026-04-06 22:02:09] Compiling #mybidwise (7 files)...
[2026-04-06 22:02:10]   ❌ #mybidwise compile failed
[2026-04-06 22:02:10] Compiling #snp500-trading (7 files)...
[2026-04-06 22:02:10]   ❌ #snp500-trading compile failed
[2026-04-06 22:02:10] Compiling #wiki (1 files)...
[2026-04-06 22:02:10]   ❌ #wiki compile failed
[2026-04-06 22:02:10] Compiling #world-model (7 files)...
[2026-04-06 22:02:10]   ❌ #world-model compile failed
[2026-04-06 22:02:10] No changes to commit
[2026-04-06 22:02:10] === Compile done ===
[2026-04-06 22:02:24] === Compile started (mode: --daily) ===
[2026-04-06 22:02:24] Ollama OK (qwen2.5:72b)
[2026-04-06 22:02:24] Compiling #_y-tower (7 files)...
[2026-04-06 22:04:26]   ✅ #_y-tower → wiki/channels/_y-tower.md
[2026-04-06 22:04:26] Compiling #github-trending (7 files)...
[2026-04-06 22:09:09]   ✅ #github-trending → wiki/channels/github-trending.md
[2026-04-06 22:09:09] Compiling #knowledge (7 files)...
[2026-04-06 22:12:04]   ✅ #knowledge → wiki/channels/knowledge.md
[2026-04-06 22:12:04] Compiling #m116gmac (7 files)...
[2026-04-06 22:16:04]   ✅ #m116gmac → wiki/channels/m116gmac.md
[2026-04-06 22:16:04] Compiling #mybidwise (7 files)...
[2026-04-06 22:18:09]   ✅ #mybidwise → wiki/channels/mybidwise.md
[2026-04-06 22:18:09] Compiling #snp500-trading (7 files)...
[2026-04-06 22:23:10]   ❌ #snp500-trading compile failed
[2026-04-06 22:23:10] Compiling #wiki (1 files)...
[2026-04-06 22:24:36]   ✅ #wiki → wiki/channels/wiki.md
[2026-04-06 22:24:36] Compiling #world-model (7 files)...
[2026-04-06 22:26:49]   ✅ #world-model → wiki/channels/world-model.md
[2026-04-06 22:26:50] git push failed
[2026-04-06 22:26:50] Git pushed
[2026-04-06 22:26:50] === Compile done ===
[2026-04-07 01:00:01] === Compile started (mode: --daily) ===
[2026-04-07 01:00:01] === Compile started (mode: --daily) ===
[2026-04-07 01:00:24] Ollama OK (qwen2.5:72b)
[2026-04-07 01:00:24] Ollama OK (qwen2.5:72b)
[2026-04-07 01:00:24] No changes to commit
[2026-04-07 01:00:24] No changes to commit
[2026-04-07 01:00:24] === Compile done ===
[2026-04-07 01:00:24] === Compile done ===
✅ Built /Users/andrew/PRJs/personal-wiki/index.html (61,707 bytes, 4 tabs)
[2026-04-08 01:00:00] === Compile started (mode: --daily) ===
[2026-04-08 01:00:00] === Compile started (mode: --daily) ===
[2026-04-08 01:00:19] Ollama OK (qwen2.5:72b)
[2026-04-08 01:00:19] Ollama OK (qwen2.5:72b)
[2026-04-08 01:00:19] No changes to commit
[2026-04-08 01:00:19] No changes to commit
[2026-04-08 01:00:19] === Compile done ===
[2026-04-08 01:00:19] === Compile done ===
✅ Built /Users/andrew/PRJs/personal-wiki/index.html (61,707 bytes, 4 tabs)
[2026-04-09 01:00:00] === Compile started (mode: --daily) ===
[2026-04-09 01:00:00] === Compile started (mode: --daily) ===
[2026-04-09 01:00:19] Ollama OK (qwen2.5:72b)
[2026-04-09 01:00:19] Ollama OK (qwen2.5:72b)
[2026-04-09 01:00:19] No changes to commit
[2026-04-09 01:00:19] No changes to commit
[2026-04-09 01:00:19] === Compile done ===
[2026-04-09 01:00:19] === Compile done ===
✅ Built /Users/andrew/PRJs/personal-wiki/index.html (61,707 bytes, 4 tabs)
[2026-04-10 01:00:00] === Compile started (mode: --daily) ===
[2026-04-10 01:00:00] === Compile started (mode: --daily) ===
[2026-04-10 01:00:19] Ollama OK (qwen2.5:72b)
[2026-04-10 01:00:19] Ollama OK (qwen2.5:72b)
[2026-04-10 01:00:19] No changes to commit
[2026-04-10 01:00:19] No changes to commit
[2026-04-10 01:00:19] === Compile done ===
[2026-04-10 01:00:19] === Compile done ===
✅ Built /Users/andrew/PRJs/personal-wiki/index.html (61,707 bytes, 4 tabs)
[2026-04-11 01:00:01] === Compile started (mode: --daily) ===
[2026-04-11 01:00:01] === Compile started (mode: --daily) ===
[2026-04-11 01:00:25] Ollama OK (qwen2.5:72b)
[2026-04-11 01:00:25] Ollama OK (qwen2.5:72b)
[main 32b7b6b] auto: wiki compile 2026-04-11
 2 files changed, 67 insertions(+)
 create mode 100644 wiki/projects/mybidwise/seo-blog-strategy.md
fatal: could not read Username for 'https://github.com': Device not configured
[2026-04-11 01:00:26] git push failed
[2026-04-11 01:00:26] git push failed
[2026-04-11 01:00:26] Git pushed
[2026-04-11 01:00:26] Git pushed
[2026-04-11 01:00:26] === Compile done ===
[2026-04-11 01:00:26] === Compile done ===
✅ Built /Users/andrew/PRJs/personal-wiki/index.html (61,707 bytes, 4 tabs)
[2026-04-12 01:00:01] === Compile started (mode: --daily) ===
[2026-04-12 01:00:01] === Compile started (mode: --daily) ===
[2026-04-12 01:00:04] Ollama OK (qwen2.5:72b)
[2026-04-12 01:00:04] Ollama OK (qwen2.5:72b)
[main fca1d9d] auto: wiki compile 2026-04-12
 1 file changed, 3 insertions(+)
fatal: could not read Username for 'https://github.com': Device not configured
[2026-04-12 01:00:04] git push failed
[2026-04-12 01:00:04] git push failed
[2026-04-12 01:00:04] Git pushed
[2026-04-12 01:00:04] Git pushed
[2026-04-12 01:00:04] === Compile done ===
[2026-04-12 01:00:04] === Compile done ===
✅ Built /Users/andrew/PRJs/personal-wiki/index.html (61,707 bytes, 4 tabs)
